[info] welcome to sbt 1.12.11 (Eclipse Adoptium Java 21.0.11)
[info] loading global plugins from /Users/mariocallisto/.sbt/1.0/plugins
[info] loading settings for project uniform-tilings-build from plugins.sbt...
[info] loading project definition from /Users/mariocallisto/IdeaProjects/scala-tessella/uniform-tilings/project
[info] loading settings for project root from build.sbt...
[info] set current project to uniform-tilings (in build file:/Users/mariocallisto/IdeaProjects/scala-tessella/uniform-tilings/)
[info] compiling 1 Scala source to /Users/mariocallisto/IdeaProjects/scala-tessella/uniform-tilings/core/target/scala-3.8.4/classes ...
[info] done compiling
  [relaxed maxSize=24] 15s  dsets=2633 (175/s)  distinct=91
  [relaxed maxSize=24] 30s  dsets=6553 (218/s)  distinct=185
  [relaxed maxSize=24] 45s  dsets=8800 (195/s)  distinct=199
  [relaxed maxSize=24] 60s  dsets=15013 (250/s)  distinct=232
  [relaxed maxSize=24] 75s  dsets=21512 (286/s)  distinct=236
  [relaxed maxSize=24] 90s  dsets=26550 (294/s)  distinct=554
  [relaxed maxSize=24] 105s  dsets=28139 (267/s)  distinct=588
  [relaxed maxSize=24] 120s  dsets=34622 (288/s)  distinct=595
  [relaxed maxSize=24] 135s  dsets=41923 (310/s)  distinct=595
  [relaxed maxSize=24] 150s  dsets=48842 (325/s)  distinct=597
  [relaxed maxSize=24] 165s  dsets=55558 (336/s)  distinct=604
  [relaxed maxSize=24] 180s  dsets=60720 (337/s)  distinct=604
  [relaxed maxSize=24] 195s  dsets=65356 (335/s)  distinct=606
  [relaxed maxSize=24] 210s  dsets=68802 (327/s)  distinct=609
  [relaxed maxSize=24] 225s  dsets=71979 (319/s)  distinct=609
  [relaxed maxSize=24] 240s  dsets=74374 (309/s)  distinct=610
  [relaxed maxSize=24] 255s  dsets=75917 (297/s)  distinct=610
  [relaxed maxSize=24] 270s  dsets=77280 (286/s)  distinct=610
  [relaxed maxSize=24] 285s  dsets=78592 (275/s)  distinct=610
  [relaxed maxSize=24] 300s  dsets=79888 (266/s)  distinct=631
  [relaxed maxSize=24] 315s  dsets=100651 (319/s)  distinct=631
  [relaxed maxSize=24] 330s  dsets=118322 (358/s)  distinct=632
  [relaxed maxSize=24] 345s  dsets=135344 (392/s)  distinct=632
  [relaxed maxSize=24] 360s  dsets=142898 (396/s)  distinct=633
  [relaxed maxSize=24] 375s  dsets=149526 (398/s)  distinct=633
  [relaxed maxSize=24] 390s  dsets=156354 (400/s)  distinct=633
  [relaxed maxSize=24] 405s  dsets=158509 (391/s)  distinct=633
  [relaxed maxSize=24] 420s  dsets=161647 (384/s)  distinct=634
  [relaxed maxSize=24] 435s  dsets=163693 (376/s)  distinct=635
  [relaxed maxSize=24] 450s  dsets=169704 (377/s)  distinct=635
  [relaxed maxSize=24] 465s  dsets=190833 (410/s)  distinct=636
  [relaxed maxSize=24] 480s  dsets=206163 (429/s)  distinct=646
  [relaxed maxSize=24] 495s  dsets=219749 (443/s)  distinct=648
  [relaxed maxSize=24] 510s  dsets=224886 (440/s)  distinct=648
  [relaxed maxSize=24] 525s  dsets=239932 (456/s)  distinct=653
  [relaxed maxSize=24] 540s  dsets=246625 (456/s)  distinct=653
  [relaxed maxSize=24] 555s  dsets=256799 (462/s)  distinct=658
  [relaxed maxSize=24] 570s  dsets=264456 (463/s)  distinct=658
  [relaxed maxSize=24] 585s  dsets=272010 (464/s)  distinct=658
  [relaxed maxSize=24] 600s  dsets=277091 (461/s)  distinct=659
  [relaxed maxSize=24] 615s  dsets=283310 (460/s)  distinct=659
  [relaxed maxSize=24] 630s  dsets=286106 (454/s)  distinct=660
  [relaxed maxSize=24] 645s  dsets=287634 (445/s)  distinct=660
  [relaxed maxSize=24] 660s  dsets=292788 (443/s)  distinct=661
  [relaxed maxSize=24] 675s  dsets=295642 (437/s)  distinct=662
  [relaxed maxSize=24] 690s  dsets=298237 (432/s)  distinct=662
  [relaxed maxSize=24] 705s  dsets=299443 (424/s)  distinct=663
  [relaxed maxSize=24] 720s  dsets=301430 (418/s)  distinct=664
  [relaxed maxSize=24] 735s  dsets=302746 (411/s)  distinct=664
  [relaxed maxSize=24] 750s  dsets=305045 (406/s)  distinct=679
  [relaxed maxSize=24] 765s  dsets=308514 (403/s)  distinct=682
  [relaxed maxSize=24] 780s  dsets=309114 (396/s)  distinct=685
  [relaxed maxSize=24] 795s  dsets=310126 (389/s)  distinct=686
  [relaxed maxSize=24] 810s  dsets=311957 (385/s)  distinct=690
  [relaxed maxSize=24] 825s  dsets=312512 (378/s)  distinct=690
  [relaxed maxSize=24] 840s  dsets=313660 (373/s)  distinct=690
  [relaxed maxSize=24] 855s  dsets=339643 (397/s)  distinct=723
  [relaxed maxSize=24] 870s  dsets=358339 (411/s)  distinct=724
  [relaxed maxSize=24] 885s  dsets=379391 (428/s)  distinct=726
  [relaxed maxSize=24] 900s  dsets=389471 (432/s)  distinct=726
  [relaxed maxSize=24] 915s  dsets=396771 (433/s)  distinct=733
  [relaxed maxSize=24] 930s  dsets=407416 (437/s)  distinct=739
  [relaxed maxSize=24] 945s  dsets=417154 (441/s)  distinct=748
  [relaxed maxSize=24] 960s  dsets=425832 (443/s)  distinct=752
  [relaxed maxSize=24] 975s  dsets=443056 (454/s)  distinct=778
  [relaxed maxSize=24] 990s  dsets=454127 (458/s)  distinct=785
  [relaxed maxSize=24] 1005s  dsets=461855 (459/s)  distinct=796
  [relaxed maxSize=24] 1020s  dsets=475825 (466/s)  distinct=796
  [relaxed maxSize=24] 1035s  dsets=488934 (472/s)  distinct=798
  [relaxed maxSize=24] 1050s  dsets=493920 (470/s)  distinct=800
  [relaxed maxSize=24] 1065s  dsets=497278 (466/s)  distinct=800
  [relaxed maxSize=24] 1080s  dsets=501145 (463/s)  distinct=800
  [relaxed maxSize=24] 1095s  dsets=519202 (474/s)  distinct=831
  [relaxed maxSize=24] 1110s  dsets=537743 (484/s)  distinct=859
  [relaxed maxSize=24] 1125s  dsets=548140 (487/s)  distinct=860
  [relaxed maxSize=24] 1140s  dsets=553824 (485/s)  distinct=864
  [relaxed maxSize=24] 1155s  dsets=564085 (488/s)  distinct=866
  [relaxed maxSize=24] 1170s  dsets=568832 (486/s)  distinct=866
  [relaxed maxSize=24] 1185s  dsets=571096 (481/s)  distinct=867
  [relaxed maxSize=24] 1200s  dsets=572925 (477/s)  distinct=867
  [relaxed maxSize=24] 1215s  dsets=578884 (476/s)  distinct=878
  [relaxed maxSize=24] 1230s  dsets=583947 (474/s)  distinct=892
  [relaxed maxSize=24] 1245s  dsets=586988 (471/s)  distinct=892
  [relaxed maxSize=24] 1260s  dsets=589514 (467/s)  distinct=896
  [relaxed maxSize=24] 1275s  dsets=600156 (470/s)  distinct=899
  [relaxed maxSize=24] 1290s  dsets=608492 (471/s)  distinct=906
  [relaxed maxSize=24] 1305s  dsets=618804 (474/s)  distinct=944
  [relaxed maxSize=24] 1320s  dsets=629453 (476/s)  distinct=948
  [relaxed maxSize=24] 1335s  dsets=642817 (481/s)  distinct=949
  [relaxed maxSize=24] 1350s  dsets=660430 (489/s)  distinct=951
  [relaxed maxSize=24] 1365s  dsets=667397 (488/s)  distinct=953
  [relaxed maxSize=24] 1380s  dsets=671776 (486/s)  distinct=953
  [relaxed maxSize=24] 1395s  dsets=685261 (491/s)  distinct=954
  [relaxed maxSize=24] 1410s  dsets=692759 (491/s)  distinct=954
  [relaxed maxSize=24] 1425s  dsets=699684 (490/s)  distinct=955
  [relaxed maxSize=24] 1440s  dsets=714854 (496/s)  distinct=955
  [relaxed maxSize=24] 1455s  dsets=720483 (495/s)  distinct=955
  [relaxed maxSize=24] 1470s  dsets=723635 (492/s)  distinct=955
  [relaxed maxSize=24] 1485s  dsets=725099 (488/s)  distinct=955
  [relaxed maxSize=24] 1500s  dsets=729106 (485/s)  distinct=956
  [relaxed maxSize=24] 1515s  dsets=734688 (484/s)  distinct=957
  [relaxed maxSize=24] 1530s  dsets=740584 (483/s)  distinct=958
  [relaxed maxSize=24] 1545s  dsets=745787 (482/s)  distinct=958
  [relaxed maxSize=24] 1560s  dsets=748905 (479/s)  distinct=958
  [relaxed maxSize=24] 1575s  dsets=752177 (477/s)  distinct=958
  [relaxed maxSize=24] 1590s  dsets=760327 (478/s)  distinct=963
  [relaxed maxSize=24] 1606s  dsets=774709 (482/s)  distinct=963
  [relaxed maxSize=24] 1621s  dsets=782474 (482/s)  distinct=965
  [relaxed maxSize=24] 1636s  dsets=792756 (484/s)  distinct=965
  [relaxed maxSize=24] 1651s  dsets=798537 (483/s)  distinct=965
  [relaxed maxSize=24] 1666s  dsets=802258 (481/s)  distinct=965
  [relaxed maxSize=24] 1681s  dsets=806437 (479/s)  distinct=965
  [relaxed maxSize=24] 1696s  dsets=816220 (481/s)  distinct=966
  [relaxed maxSize=24] 1711s  dsets=819846 (479/s)  distinct=970
  [relaxed maxSize=24] 1726s  dsets=826533 (479/s)  distinct=973
  [relaxed maxSize=24] 1741s  dsets=831138 (477/s)  distinct=974
  [relaxed maxSize=24] 1756s  dsets=837573 (477/s)  distinct=974
  [relaxed maxSize=24] 1771s  dsets=841083 (475/s)  distinct=975
  [relaxed maxSize=24] 1786s  dsets=843139 (472/s)  distinct=975
  [relaxed maxSize=24] 1801s  dsets=846284 (470/s)  distinct=975
  [relaxed maxSize=24] 1816s  dsets=853940 (470/s)  distinct=977
  [relaxed maxSize=24] 1831s  dsets=866377 (473/s)  distinct=977
  [relaxed maxSize=24] 1846s  dsets=875968 (474/s)  distinct=977
  [relaxed maxSize=24] 1861s  dsets=884880 (475/s)  distinct=977
  [relaxed maxSize=24] 1876s  dsets=890857 (474/s)  distinct=977
  [relaxed maxSize=24] 1891s  dsets=897605 (474/s)  distinct=977
  [relaxed maxSize=24] 1906s  dsets=901676 (473/s)  distinct=977
  [relaxed maxSize=24] 1921s  dsets=903625 (470/s)  distinct=977
  [relaxed maxSize=24] 1936s  dsets=909719 (469/s)  distinct=977
  [relaxed maxSize=24] 1951s  dsets=913145 (468/s)  distinct=977
  [relaxed maxSize=24] 1966s  dsets=915603 (465/s)  distinct=977
  [relaxed maxSize=24] 1981s  dsets=918476 (463/s)  distinct=977
  [relaxed maxSize=24] 1996s  dsets=921248 (461/s)  distinct=979
  [relaxed maxSize=24] 2011s  dsets=925850 (460/s)  distinct=982
  [relaxed maxSize=24] 2026s  dsets=929383 (458/s)  distinct=986
  [relaxed maxSize=24] 2041s  dsets=933824 (457/s)  distinct=990
  [relaxed maxSize=24] 2056s  dsets=936556 (455/s)  distinct=993
  [relaxed maxSize=24] 2071s  dsets=938800 (453/s)  distinct=993
  [relaxed maxSize=24] 2086s  dsets=940479 (450/s)  distinct=994
  [relaxed maxSize=24] 2101s  dsets=941203 (448/s)  distinct=995
  [relaxed maxSize=24] 2116s  dsets=948810 (448/s)  distinct=999
  [relaxed maxSize=24] 2131s  dsets=954311 (447/s)  distinct=1004
  [relaxed maxSize=24] 2146s  dsets=957645 (446/s)  distinct=1005
  [relaxed maxSize=24] 2161s  dsets=959915 (444/s)  distinct=1005
  [relaxed maxSize=24] 2176s  dsets=960109 (441/s)  distinct=1005
  [relaxed maxSize=24] 2191s  dsets=962040 (439/s)  distinct=1009
  [relaxed maxSize=24] 2206s  dsets=963177 (436/s)  distinct=1014
  [relaxed maxSize=24] 2221s  dsets=963542 (433/s)  distinct=1018
  [relaxed maxSize=24] 2236s  dsets=964594 (431/s)  distinct=1018
  [relaxed maxSize=24] 2251s  dsets=966392 (429/s)  distinct=1018
  [relaxed maxSize=24] 2266s  dsets=968896 (427/s)  distinct=1018
  [relaxed maxSize=24] 2281s  dsets=970418 (425/s)  distinct=1018
  [relaxed maxSize=24] 2296s  dsets=972710 (423/s)  distinct=1021
  [relaxed maxSize=24] 2311s  dsets=974543 (421/s)  distinct=1021
  [relaxed maxSize=24] 2326s  dsets=977592 (420/s)  distinct=1024
  [relaxed maxSize=24] 2341s  dsets=980954 (419/s)  distinct=1027
  [relaxed maxSize=24] 2356s  dsets=984972 (418/s)  distinct=1027
  [relaxed maxSize=24] 2371s  dsets=988863 (417/s)  distinct=1028
  [relaxed maxSize=24] 2386s  dsets=992360 (415/s)  distinct=1028
  [relaxed maxSize=24] 2401s  dsets=995095 (414/s)  distinct=1030
  [relaxed maxSize=24] 2416s  dsets=995869 (412/s)  distinct=1030
  [relaxed maxSize=24] 2431s  dsets=997435 (410/s)  distinct=1030
  [relaxed maxSize=24] 2446s  dsets=998841 (408/s)  distinct=1030
  [relaxed maxSize=24] 2461s  dsets=998988 (405/s)  distinct=1031
  [relaxed maxSize=24] 2476s  dsets=1002353 (404/s)  distinct=1032
  [relaxed maxSize=24] 2491s  dsets=1004053 (403/s)  distinct=1037
  [relaxed maxSize=24] 2506s  dsets=1006011 (401/s)  distinct=1053
  [relaxed maxSize=24] 2521s  dsets=1010200 (400/s)  distinct=1092
  [relaxed maxSize=24] 2536s  dsets=1016223 (400/s)  distinct=1093
  [relaxed maxSize=24] 2551s  dsets=1022633 (400/s)  distinct=1096
  [relaxed maxSize=24] 2566s  dsets=1038040 (404/s)  distinct=1106
  [relaxed maxSize=24] 2581s  dsets=1061730 (411/s)  distinct=1112
  [relaxed maxSize=24] 2596s  dsets=1087525 (418/s)  distinct=1114
  [relaxed maxSize=24] 2611s  dsets=1113157 (426/s)  distinct=1144
  [relaxed maxSize=24] 2626s  dsets=1141411 (434/s)  distinct=1148
  [relaxed maxSize=24] 2641s  dsets=1160158 (439/s)  distinct=1148
  [relaxed maxSize=24] 2656s  dsets=1173912 (442/s)  distinct=1149
  [relaxed maxSize=24] 2671s  dsets=1181503 (442/s)  distinct=1153
  [relaxed maxSize=24] 2686s  dsets=1188184 (442/s)  distinct=1158
  [relaxed maxSize=24] 2701s  dsets=1197373 (443/s)  distinct=1163
  [relaxed maxSize=24] 2716s  dsets=1205975 (444/s)  distinct=1173
  [relaxed maxSize=24] 2731s  dsets=1214024 (444/s)  distinct=1185
  [relaxed maxSize=24] 2746s  dsets=1219191 (443/s)  distinct=1185
  [relaxed maxSize=24] 2761s  dsets=1222891 (442/s)  distinct=1186
  [relaxed maxSize=24] 2776s  dsets=1224722 (441/s)  distinct=1190
  [relaxed maxSize=24] 2791s  dsets=1236526 (443/s)  distinct=1193
  [relaxed maxSize=24] 2806s  dsets=1242305 (442/s)  distinct=1193
  [relaxed maxSize=24] 2821s  dsets=1250095 (443/s)  distinct=1195
  [relaxed maxSize=24] 2836s  dsets=1255383 (442/s)  distinct=1195
  [relaxed maxSize=24] 2851s  dsets=1259430 (441/s)  distinct=1196
  [relaxed maxSize=24] 2866s  dsets=1262306 (440/s)  distinct=1203
  [relaxed maxSize=24] 2881s  dsets=1275965 (442/s)  distinct=1206
  [relaxed maxSize=24] 2896s  dsets=1293350 (446/s)  distinct=1210
  [relaxed maxSize=24] 2911s  dsets=1309112 (449/s)  distinct=1211
  [relaxed maxSize=24] 2926s  dsets=1323225 (452/s)  distinct=1243
  [relaxed maxSize=24] 2941s  dsets=1338182 (455/s)  distinct=1264
  [relaxed maxSize=24] 2956s  dsets=1345854 (455/s)  distinct=1280
  [relaxed maxSize=24] 2971s  dsets=1351823 (454/s)  distinct=1302
  [relaxed maxSize=24] 2986s  dsets=1362783 (456/s)  distinct=1308
  [relaxed maxSize=24] 3001s  dsets=1373419 (457/s)  distinct=1315
  [relaxed maxSize=24] 3016s  dsets=1380941 (457/s)  distinct=1315
  [relaxed maxSize=24] 3031s  dsets=1384516 (456/s)  distinct=1315
  [relaxed maxSize=24] 3046s  dsets=1386294 (455/s)  distinct=1316
  [relaxed maxSize=24] 3061s  dsets=1390220 (454/s)  distinct=1316
  [relaxed maxSize=24] 3076s  dsets=1400101 (455/s)  distinct=1317
  [relaxed maxSize=24] 3091s  dsets=1406031 (454/s)  distinct=1322
  [relaxed maxSize=24] 3106s  dsets=1409852 (453/s)  distinct=1322
  [relaxed maxSize=24] 3121s  dsets=1414227 (453/s)  distinct=1324
  [relaxed maxSize=24] 3136s  dsets=1416539 (451/s)  distinct=1324
  [relaxed maxSize=24] 3151s  dsets=1422907 (451/s)  distinct=1324
  [relaxed maxSize=24] 3166s  dsets=1426396 (450/s)  distinct=1324
  [relaxed maxSize=24] 3181s  dsets=1433480 (450/s)  distinct=1327
  [relaxed maxSize=24] 3196s  dsets=1434723 (448/s)  distinct=1328
  [relaxed maxSize=24] 3211s  dsets=1443923 (449/s)  distinct=1329
  [relaxed maxSize=24] 3226s  dsets=1456249 (451/s)  distinct=1331
  [relaxed maxSize=24] 3241s  dsets=1461155 (450/s)  distinct=1331
  [relaxed maxSize=24] 3256s  dsets=1463420 (449/s)  distinct=1332
  [relaxed maxSize=24] 3271s  dsets=1466645 (448/s)  distinct=1332
  [relaxed maxSize=24] 3286s  dsets=1471233 (447/s)  distinct=1332
  [relaxed maxSize=24] 3301s  dsets=1481037 (448/s)  distinct=1333
  [relaxed maxSize=24] 3316s  dsets=1489011 (449/s)  distinct=1334
  [relaxed maxSize=24] 3331s  dsets=1495360 (448/s)  distinct=1339
  [relaxed maxSize=24] 3346s  dsets=1498476 (447/s)  distinct=1340
  [relaxed maxSize=24] 3361s  dsets=1504238 (447/s)  distinct=1340
  [relaxed maxSize=24] 3376s  dsets=1507121 (446/s)  distinct=1346
  [relaxed maxSize=24] 3391s  dsets=1512651 (446/s)  distinct=1346
  [relaxed maxSize=24] 3406s  dsets=1517208 (445/s)  distinct=1346
  [relaxed maxSize=24] 3421s  dsets=1519341 (444/s)  distinct=1351
  [relaxed maxSize=24] 3436s  dsets=1519999 (442/s)  distinct=1352
  [relaxed maxSize=24] 3451s  dsets=1521491 (440/s)  distinct=1352
  [relaxed maxSize=24] 3466s  dsets=1524187 (439/s)  distinct=1352
  [relaxed maxSize=24] 3481s  dsets=1528746 (439/s)  distinct=1353
  [relaxed maxSize=24] 3496s  dsets=1529696 (437/s)  distinct=1358
  [relaxed maxSize=24] 3511s  dsets=1531661 (436/s)  distinct=1359
  [relaxed maxSize=24] 3526s  dsets=1532241 (434/s)  distinct=1359
  [relaxed maxSize=24] 3541s  dsets=1534240 (433/s)  distinct=1359
  [relaxed maxSize=24] 3556s  dsets=1535686 (431/s)  distinct=1359
  [relaxed maxSize=24] 3571s  dsets=1537203 (430/s)  distinct=1359
  [relaxed maxSize=24] 3586s  dsets=1539437 (429/s)  distinct=1359
  [relaxed maxSize=24] 3601s  dsets=1540275 (427/s)  distinct=1359
  [relaxed maxSize=24] 3616s  dsets=1541535 (426/s)  distinct=1359
  [relaxed maxSize=24] 3631s  dsets=1542494 (424/s)  distinct=1359
  [relaxed maxSize=24] 3646s  dsets=1543996 (423/s)  distinct=1359
  [relaxed maxSize=24] 3661s  dsets=1545105 (422/s)  distinct=1359
  [relaxed maxSize=24] 3676s  dsets=1545330 (420/s)  distinct=1359
  [relaxed maxSize=24] 3691s  dsets=1545800 (418/s)  distinct=1359
  [relaxed maxSize=24] 3706s  dsets=1546594 (417/s)  distinct=1359
  [relaxed maxSize=24] 3721s  dsets=1546840 (415/s)  distinct=1359
  [relaxed maxSize=24] 3736s  dsets=1546877 (414/s)  distinct=1359
  [relaxed maxSize=24] 3751s  dsets=1546939 (412/s)  distinct=1359
  [relaxed maxSize=24] 3766s  dsets=1547004 (410/s)  distinct=1359
  [relaxed maxSize=24] 3781s  dsets=1547031 (409/s)  distinct=1359
  [relaxed maxSize=24] 3796s  dsets=1547031 (407/s)  distinct=1359
  [relaxed maxSize=24] 3811s  dsets=1547068 (405/s)  distinct=1359
  [relaxed maxSize=24] 3826s  dsets=1547107 (404/s)  distinct=1359
  [relaxed maxSize=24] 3841s  dsets=1547193 (402/s)  distinct=1362
  [relaxed maxSize=24] 3856s  dsets=1547220 (401/s)  distinct=1362
  [relaxed maxSize=24] 3871s  dsets=1547271 (399/s)  distinct=1362
  [relaxed maxSize=24] 3886s  dsets=1547283 (398/s)  distinct=1362
  [relaxed maxSize=24] 3901s  dsets=1547320 (396/s)  distinct=1362
  [relaxed maxSize=24] 3916s  dsets=1547633 (395/s)  distinct=1362
  [relaxed maxSize=24] 3931s  dsets=1547870 (393/s)  distinct=1363
  [relaxed maxSize=24] 3946s  dsets=1547883 (392/s)  distinct=1363
  [relaxed maxSize=24] 3961s  dsets=1547936 (390/s)  distinct=1363
  [relaxed maxSize=24] 3977s  dsets=1547949 (389/s)  distinct=1363
  [relaxed maxSize=24] 3992s  dsets=1547960 (387/s)  distinct=1363
  [relaxed maxSize=24] 4007s  dsets=1548104 (386/s)  distinct=1363
  [relaxed maxSize=24] 4022s  dsets=1548361 (385/s)  distinct=1363
  [relaxed maxSize=24] 4037s  dsets=1548604 (383/s)  distinct=1363
  [relaxed maxSize=24] 4052s  dsets=1548700 (382/s)  distinct=1363
  [relaxed maxSize=24] 4067s  dsets=1549907 (381/s)  distinct=1363
  [relaxed maxSize=24] 4082s  dsets=1550631 (379/s)  distinct=1363
  [relaxed maxSize=24] 4097s  dsets=1551551 (378/s)  distinct=1363
  [relaxed maxSize=24] 4112s  dsets=1553098 (377/s)  distinct=1363
  [relaxed maxSize=24] 4127s  dsets=1553559 (376/s)  distinct=1363
  [relaxed maxSize=24] 4142s  dsets=1554002 (375/s)  distinct=1363
  [relaxed maxSize=24] 4157s  dsets=1554238 (373/s)  distinct=1363
  [relaxed maxSize=24] 4172s  dsets=1554800 (372/s)  distinct=1363
  [relaxed maxSize=24] 4187s  dsets=1555627 (371/s)  distinct=1363
  [relaxed maxSize=24] 4202s  dsets=1555898 (370/s)  distinct=1363
  [relaxed maxSize=24] 4217s  dsets=1557062 (369/s)  distinct=1363
  [relaxed maxSize=24] 4232s  dsets=1557715 (368/s)  distinct=1363
  [relaxed maxSize=24] 4247s  dsets=1559754 (367/s)  distinct=1363
  [relaxed maxSize=24] 4262s  dsets=1560019 (366/s)  distinct=1363
  [relaxed maxSize=24] 4277s  dsets=1560676 (364/s)  distinct=1363
  [relaxed maxSize=24] 4292s  dsets=1560735 (363/s)  distinct=1363
  [relaxed maxSize=24] 4307s  dsets=1560816 (362/s)  distinct=1363
  [relaxed maxSize=24] 4322s  dsets=1560926 (361/s)  distinct=1363
  [relaxed maxSize=24] 4337s  dsets=1561214 (360/s)  distinct=1363
  [relaxed maxSize=24] 4352s  dsets=1561605 (358/s)  distinct=1363
  [relaxed maxSize=24] 4367s  dsets=1561742 (357/s)  distinct=1363
  [relaxed maxSize=24] 4382s  dsets=1562272 (356/s)  distinct=1363
  [relaxed maxSize=24] 4397s  dsets=1562383 (355/s)  distinct=1363
RELAXED k <= 2 CATALOGUE: 1363 symbols
RUNG-2 SURVIVORS AFTER COMBINATORIAL + PINNED-LINEAR: 1
z=3.4.4.6	chambers=12	sigs=List(3.4.6.4, 3.4.4.6)	regularOrbits=1,2,3,4	key=1,1,2,6|4;2,3,1,4|4;4,2,5,4|4;3,6,7,4|4;7,5,3,3|4;6,4,8,4|4;5,9,4,3|4;8,10,6,4|4;9,7,11,3|4;10,8,12,4|4;11,12,9,6|4;12,11,10,6|4;
[info] UClassK2Probe:
[info] - should settle rung k = 2 over all ≤ 24-chamber relaxed symbols (enable with -Duclass.k2)
[info] Run completed in 2 hours, 4 minutes, 47 seconds.
[info] Total number of tests run: 1
[info] Suites: completed 1, aborted 0
[info] Tests: succeeded 1, failed 0, canceled 0, ignored 0, pending 0
[info] All tests passed.
[success] Total time: 7504 s (02:05:04.0), completed 12 lug 2026, 02:56:23
